<testsuites id="" name="" tests="195" failures="5" skipped="123" errors="0" time="39.075011">
<testsuite name="home.spec.js" timestamp="2025-07-31T19:01:04.628Z" hostname="chromium" tests="26" failures="0" skipped="0" time="23.187" errors="0">
<testcase name="Home Page E2E Tests › Page Rendering › should display the main title" classname="home.spec.js" time="1.024">
</testcase>
<testcase name="Home Page E2E Tests › Page Rendering › should display the subtitle" classname="home.spec.js" time="1.006">
</testcase>
<testcase name="Home Page E2E Tests › Page Rendering › should display the email input field" classname="home.spec.js" time="1.033">
</testcase>
<testcase name="Home Page E2E Tests › Page Rendering › should display the register button" classname="home.spec.js" time="1.033">
</testcase>
<testcase name="Home Page E2E Tests › Page Rendering › should have proper page structure" classname="home.spec.js" time="1.047">
</testcase>
<testcase name="Home Page E2E Tests › User Interactions › should allow typing in the email input" classname="home.spec.js" time="0.732">
</testcase>
<testcase name="Home Page E2E Tests › User Interactions › should clear email input when user clears it" classname="home.spec.js" time="0.784">
</testcase>
<testcase name="Home Page E2E Tests › User Interactions › should handle special characters in email" classname="home.spec.js" time="0.762">
</testcase>
<testcase name="Home Page E2E Tests › User Interactions › should handle very long email addresses" classname="home.spec.js" time="0.722">
</testcase>
<testcase name="Home Page E2E Tests › User Interactions › should focus on email input when clicked" classname="home.spec.js" time="0.785">
</testcase>
<testcase name="Home Page E2E Tests › User Interactions › should focus on register button when clicked" classname="home.spec.js" time="0.557">
</testcase>
<testcase name="Home Page E2E Tests › Form Functionality › should show alert when register button is clicked" classname="home.spec.js" time="0.569">
</testcase>
<testcase name="Home Page E2E Tests › Form Functionality › should handle multiple button clicks" classname="home.spec.js" time="0.889">
</testcase>
<testcase name="Home Page E2E Tests › Form Functionality › should handle email input and registration flow" classname="home.spec.js" time="0.748">
</testcase>
<testcase name="Home Page E2E Tests › Keyboard Navigation › should navigate with keyboard" classname="home.spec.js" time="0.959">
</testcase>
<testcase name="Home Page E2E Tests › Keyboard Navigation › should handle Enter key on email input" classname="home.spec.js" time="0.714">
</testcase>
<testcase name="Home Page E2E Tests › Accessibility › should have proper heading hierarchy" classname="home.spec.js" time="0.676">
</testcase>
<testcase name="Home Page E2E Tests › Accessibility › should have accessible form elements" classname="home.spec.js" time="0.705">
</testcase>
<testcase name="Home Page E2E Tests › Accessibility › should have proper focus indicators" classname="home.spec.js" time="0.705">
</testcase>
<testcase name="Home Page E2E Tests › Responsive Design › should display correctly on mobile" classname="home.spec.js" time="0.752">
</testcase>
<testcase name="Home Page E2E Tests › Responsive Design › should display correctly on tablet" classname="home.spec.js" time="0.791">
</testcase>
<testcase name="Home Page E2E Tests › Responsive Design › should display correctly on desktop" classname="home.spec.js" time="0.796">
</testcase>
<testcase name="Home Page E2E Tests › Performance and Loading › should load page quickly" classname="home.spec.js" time="1.416">
</testcase>
<testcase name="Home Page E2E Tests › Performance and Loading › should have all elements visible after page load" classname="home.spec.js" time="1.601">
</testcase>
<testcase name="Home Page E2E Tests › Error Handling › should handle rapid button clicks gracefully" classname="home.spec.js" time="1.278">
</testcase>
<testcase name="Home Page E2E Tests › Error Handling › should handle invalid email input gracefully" classname="home.spec.js" time="1.103">
</testcase>
</testsuite>
<testsuite name="navigation.spec.js" timestamp="2025-07-31T19:01:04.628Z" hostname="chromium" tests="13" failures="4" skipped="0" time="43.565" errors="0">
<testcase name="Navigation E2E Tests › Page Navigation › should navigate to about page" classname="navigation.spec.js" time="7.628">
<failure message="navigation.spec.js:10:5 should navigate to about page" type="FAILURE">
<![CDATA[  [chromium] › navigation.spec.js:10:5 › Navigation E2E Tests › Page Navigation › should navigate to about page 

    Error: Timed out 5000ms waiting for expect(locator).toBeVisible()

    Locator: getByText('About')
    Expected: visible
    Received: <element(s) not found>
    Call log:
      - Expect "toBeVisible" with timeout 5000ms
      - waiting for getByText('About')


      17 |       // Check that the page content is visible
      18 |       const aboutContent = page.getByText("About");
    > 19 |       await expect(aboutContent).toBeVisible();
         |                                  ^
      20 |     });
      21 |
      22 |     test("should navigate to profile page", async ({ page }) => {
        at /Users/joseangellopezmondragon/Development/Courses/next-app/tests/e2e/navigation.spec.js:19:34

    attachment #1: screenshot (image/png) ──────────────────────────────────────────────────────────
    ../../test-results/navigation-Navigation-E2E--ee21d-ould-navigate-to-about-page-chromium/test-failed-1.png
    ────────────────────────────────────────────────────────────────────────────────────────────────

    attachment #2: video (video/webm) ──────────────────────────────────────────────────────────────
    ../../test-results/navigation-Navigation-E2E--ee21d-ould-navigate-to-about-page-chromium/video.webm
    ────────────────────────────────────────────────────────────────────────────────────────────────

    Error Context: ../../test-results/navigation-Navigation-E2E--ee21d-ould-navigate-to-about-page-chromium/error-context.md
]]>
</failure>
<system-out>
<![CDATA[
[[ATTACHMENT|navigation-Navigation-E2E--ee21d-ould-navigate-to-about-page-chromium/test-failed-1.png]]

[[ATTACHMENT|navigation-Navigation-E2E--ee21d-ould-navigate-to-about-page-chromium/video.webm]]

[[ATTACHMENT|navigation-Navigation-E2E--ee21d-ould-navigate-to-about-page-chromium/error-context.md]]
]]>
</system-out>
</testcase>
<testcase name="Navigation E2E Tests › Page Navigation › should navigate to profile page" classname="navigation.spec.js" time="1.956">
</testcase>
<testcase name="Navigation E2E Tests › Page Navigation › should navigate back to home page" classname="navigation.spec.js" time="1.9">
</testcase>
<testcase name="Navigation E2E Tests › URL Handling › should handle direct navigation to home page" classname="navigation.spec.js" time="1.341">
</testcase>
<testcase name="Navigation E2E Tests › URL Handling › should handle 404 for non-existent pages" classname="navigation.spec.js" time="1.989">
</testcase>
<testcase name="Navigation E2E Tests › URL Handling › should maintain state when navigating between pages" classname="navigation.spec.js" time="3.827">
</testcase>
<testcase name="Navigation E2E Tests › Browser Navigation › should handle browser back button" classname="navigation.spec.js" time="3.183">
</testcase>
<testcase name="Navigation E2E Tests › Browser Navigation › should handle browser forward button" classname="navigation.spec.js" time="8.832">
<failure message="navigation.spec.js:105:5 should handle browser forward button" type="FAILURE">
<![CDATA[  [chromium] › navigation.spec.js:105:5 › Navigation E2E Tests › Browser Navigation › should handle browser forward button 

    Error: Timed out 5000ms waiting for expect(locator).toBeVisible()

    Locator: getByText('About')
    Expected: visible
    Received: <element(s) not found>
    Call log:
      - Expect "toBeVisible" with timeout 5000ms
      - waiting for getByText('About')


      118 |       // Check that about page content is visible
      119 |       const aboutContent = page.getByText("About");
    > 120 |       await expect(aboutContent).toBeVisible();
          |                                  ^
      121 |     });
      122 |
      123 |     test("should handle browser refresh", async ({ page }) => {
        at /Users/joseangellopezmondragon/Development/Courses/next-app/tests/e2e/navigation.spec.js:120:34

    attachment #1: screenshot (image/png) ──────────────────────────────────────────────────────────
    ../../test-results/navigation-Navigation-E2E--3c6a5-ndle-browser-forward-button-chromium/test-failed-1.png
    ────────────────────────────────────────────────────────────────────────────────────────────────

    attachment #2: video (video/webm) ──────────────────────────────────────────────────────────────
    ../../test-results/navigation-Navigation-E2E--3c6a5-ndle-browser-forward-button-chromium/video.webm
    ────────────────────────────────────────────────────────────────────────────────────────────────

    Error Context: ../../test-results/navigation-Navigation-E2E--3c6a5-ndle-browser-forward-button-chromium/error-context.md
]]>
</failure>
<system-out>
<![CDATA[
[[ATTACHMENT|navigation-Navigation-E2E--3c6a5-ndle-browser-forward-button-chromium/test-failed-1.png]]

[[ATTACHMENT|navigation-Navigation-E2E--3c6a5-ndle-browser-forward-button-chromium/video.webm]]

[[ATTACHMENT|navigation-Navigation-E2E--3c6a5-ndle-browser-forward-button-chromium/error-context.md]]
]]>
</system-out>
</testcase>
<testcase name="Navigation E2E Tests › Browser Navigation › should handle browser refresh" classname="navigation.spec.js" time="8.302">
<failure message="navigation.spec.js:123:5 should handle browser refresh" type="FAILURE">
<![CDATA[  [chromium] › navigation.spec.js:123:5 › Navigation E2E Tests › Browser Navigation › should handle browser refresh 

    Error: Timed out 5000ms waiting for expect(locator).toBeVisible()

    Locator: getByText('About')
    Expected: visible
    Received: <element(s) not found>
    Call log:
      - Expect "toBeVisible" with timeout 5000ms
      - waiting for getByText('About')


      132 |       // Check that about page content is still visible
      133 |       const aboutContent = page.getByText("About");
    > 134 |       await expect(aboutContent).toBeVisible();
          |                                  ^
      135 |     });
      136 |   });
      137 |
        at /Users/joseangellopezmondragon/Development/Courses/next-app/tests/e2e/navigation.spec.js:134:34

    attachment #1: screenshot (image/png) ──────────────────────────────────────────────────────────
    ../../test-results/navigation-Navigation-E2E--826a4-ould-handle-browser-refresh-chromium/test-failed-1.png
    ────────────────────────────────────────────────────────────────────────────────────────────────

    attachment #2: video (video/webm) ──────────────────────────────────────────────────────────────
    ../../test-results/navigation-Navigation-E2E--826a4-ould-handle-browser-refresh-chromium/video.webm
    ────────────────────────────────────────────────────────────────────────────────────────────────

    Error Context: ../../test-results/navigation-Navigation-E2E--826a4-ould-handle-browser-refresh-chromium/error-context.md
]]>
</failure>
<system-out>
<![CDATA[
[[ATTACHMENT|navigation-Navigation-E2E--826a4-ould-handle-browser-refresh-chromium/test-failed-1.png]]

[[ATTACHMENT|navigation-Navigation-E2E--826a4-ould-handle-browser-refresh-chromium/video.webm]]

[[ATTACHMENT|navigation-Navigation-E2E--826a4-ould-handle-browser-refresh-chromium/error-context.md]]
]]>
</system-out>
</testcase>
<testcase name="Navigation E2E Tests › Page Loading Performance › should load about page quickly" classname="navigation.spec.js" time="1.046">
</testcase>
<testcase name="Navigation E2E Tests › Page Loading Performance › should load profile page quickly" classname="navigation.spec.js" time="1.019">
</testcase>
<testcase name="Navigation E2E Tests › Page Loading Performance › should load home page quickly after navigation" classname="navigation.spec.js" time="1.147">
</testcase>
<testcase name="Navigation E2E Tests › Cross-page Functionality › should maintain functionality after navigation" classname="navigation.spec.js" time="1.395">
<failure message="navigation.spec.js:177:5 should maintain functionality after navigation" type="FAILURE">
<![CDATA[  [chromium] › navigation.spec.js:177:5 › Navigation E2E Tests › Cross-page Functionality › should maintain functionality after navigation 

    Error: dialog.accept: Cannot accept dialog which is already handled!

      214 |       page.on("dialog", (dialog) => {
      215 |         expect(dialog.message()).toBe("Send register");
    > 216 |         dialog.accept();
          |                ^
      217 |       });
      218 |
      219 |       await registerButtonAgain.click();
        at Page.<anonymous> (/Users/joseangellopezmondragon/Development/Courses/next-app/tests/e2e/navigation.spec.js:216:16)

    attachment #1: screenshot (image/png) ──────────────────────────────────────────────────────────
    ../../test-results/navigation-Navigation-E2E--91686-ctionality-after-navigation-chromium/test-failed-1.png
    ────────────────────────────────────────────────────────────────────────────────────────────────

    attachment #2: video (video/webm) ──────────────────────────────────────────────────────────────
    ../../test-results/navigation-Navigation-E2E--91686-ctionality-after-navigation-chromium/video.webm
    ────────────────────────────────────────────────────────────────────────────────────────────────

    Error Context: ../../test-results/navigation-Navigation-E2E--91686-ctionality-after-navigation-chromium/error-context.md
]]>
</failure>
<system-out>
<![CDATA[
[[ATTACHMENT|navigation-Navigation-E2E--91686-ctionality-after-navigation-chromium/test-failed-1.png]]

[[ATTACHMENT|navigation-Navigation-E2E--91686-ctionality-after-navigation-chromium/video.webm]]

[[ATTACHMENT|navigation-Navigation-E2E--91686-ctionality-after-navigation-chromium/error-context.md]]
]]>
</system-out>
</testcase>
</testsuite>
<testsuite name="home.spec.js" timestamp="2025-07-31T19:01:04.628Z" hostname="firefox" tests="26" failures="0" skipped="0" time="42.287" errors="0">
<testcase name="Home Page E2E Tests › Page Rendering › should display the main title" classname="home.spec.js" time="1.837">
</testcase>
<testcase name="Home Page E2E Tests › Page Rendering › should display the subtitle" classname="home.spec.js" time="1.949">
</testcase>
<testcase name="Home Page E2E Tests › Page Rendering › should display the email input field" classname="home.spec.js" time="2.01">
</testcase>
<testcase name="Home Page E2E Tests › Page Rendering › should display the register button" classname="home.spec.js" time="0.944">
</testcase>
<testcase name="Home Page E2E Tests › Page Rendering › should have proper page structure" classname="home.spec.js" time="0.887">
</testcase>
<testcase name="Home Page E2E Tests › User Interactions › should allow typing in the email input" classname="home.spec.js" time="1.007">
</testcase>
<testcase name="Home Page E2E Tests › User Interactions › should clear email input when user clears it" classname="home.spec.js" time="2.363">
</testcase>
<testcase name="Home Page E2E Tests › User Interactions › should handle special characters in email" classname="home.spec.js" time="0.941">
</testcase>
<testcase name="Home Page E2E Tests › User Interactions › should handle very long email addresses" classname="home.spec.js" time="0.926">
</testcase>
<testcase name="Home Page E2E Tests › User Interactions › should focus on email input when clicked" classname="home.spec.js" time="0.757">
</testcase>
<testcase name="Home Page E2E Tests › User Interactions › should focus on register button when clicked" classname="home.spec.js" time="0.974">
</testcase>
<testcase name="Home Page E2E Tests › Form Functionality › should show alert when register button is clicked" classname="home.spec.js" time="0.949">
</testcase>
<testcase name="Home Page E2E Tests › Form Functionality › should handle multiple button clicks" classname="home.spec.js" time="1.34">
</testcase>
<testcase name="Home Page E2E Tests › Form Functionality › should handle email input and registration flow" classname="home.spec.js" time="1.715">
</testcase>
<testcase name="Home Page E2E Tests › Keyboard Navigation › should navigate with keyboard" classname="home.spec.js" time="1.708">
</testcase>
<testcase name="Home Page E2E Tests › Keyboard Navigation › should handle Enter key on email input" classname="home.spec.js" time="1.559">
</testcase>
<testcase name="Home Page E2E Tests › Accessibility › should have proper heading hierarchy" classname="home.spec.js" time="3.328">
</testcase>
<testcase name="Home Page E2E Tests › Accessibility › should have accessible form elements" classname="home.spec.js" time="1.209">
</testcase>
<testcase name="Home Page E2E Tests › Accessibility › should have proper focus indicators" classname="home.spec.js" time="1.24">
</testcase>
<testcase name="Home Page E2E Tests › Responsive Design › should display correctly on mobile" classname="home.spec.js" time="1.213">
</testcase>
<testcase name="Home Page E2E Tests › Responsive Design › should display correctly on tablet" classname="home.spec.js" time="1.5">
</testcase>
<testcase name="Home Page E2E Tests › Responsive Design › should display correctly on desktop" classname="home.spec.js" time="1.657">
</testcase>
<testcase name="Home Page E2E Tests › Performance and Loading › should load page quickly" classname="home.spec.js" time="2.022">
</testcase>
<testcase name="Home Page E2E Tests › Performance and Loading › should have all elements visible after page load" classname="home.spec.js" time="2.656">
</testcase>
<testcase name="Home Page E2E Tests › Error Handling › should handle rapid button clicks gracefully" classname="home.spec.js" time="3.612">
</testcase>
<testcase name="Home Page E2E Tests › Error Handling › should handle invalid email input gracefully" classname="home.spec.js" time="1.984">
</testcase>
</testsuite>
<testsuite name="navigation.spec.js" timestamp="2025-07-31T19:01:04.628Z" hostname="firefox" tests="13" failures="1" skipped="6" time="37.495" errors="0">
<testcase name="Navigation E2E Tests › Page Navigation › should navigate to about page" classname="navigation.spec.js" time="7.347">
<failure message="navigation.spec.js:10:5 should navigate to about page" type="FAILURE">
<![CDATA[  [firefox] › navigation.spec.js:10:5 › Navigation E2E Tests › Page Navigation › should navigate to about page 

    Error: Timed out 5000ms waiting for expect(locator).toBeVisible()

    Locator: getByText('About')
    Expected: visible
    Received: <element(s) not found>
    Call log:
      - Expect "toBeVisible" with timeout 5000ms
      - waiting for getByText('About')


      17 |       // Check that the page content is visible
      18 |       const aboutContent = page.getByText("About");
    > 19 |       await expect(aboutContent).toBeVisible();
         |                                  ^
      20 |     });
      21 |
      22 |     test("should navigate to profile page", async ({ page }) => {
        at /Users/joseangellopezmondragon/Development/Courses/next-app/tests/e2e/navigation.spec.js:19:34

    attachment #1: screenshot (image/png) ──────────────────────────────────────────────────────────
    ../../test-results/navigation-Navigation-E2E--ee21d-ould-navigate-to-about-page-firefox/test-failed-1.png
    ────────────────────────────────────────────────────────────────────────────────────────────────

    attachment #2: video (video/webm) ──────────────────────────────────────────────────────────────
    ../../test-results/navigation-Navigation-E2E--ee21d-ould-navigate-to-about-page-firefox/video.webm
    ────────────────────────────────────────────────────────────────────────────────────────────────

    Error Context: ../../test-results/navigation-Navigation-E2E--ee21d-ould-navigate-to-about-page-firefox/error-context.md
]]>
</failure>
<system-out>
<![CDATA[
[[ATTACHMENT|navigation-Navigation-E2E--ee21d-ould-navigate-to-about-page-firefox/test-failed-1.png]]

[[ATTACHMENT|navigation-Navigation-E2E--ee21d-ould-navigate-to-about-page-firefox/video.webm]]

[[ATTACHMENT|navigation-Navigation-E2E--ee21d-ould-navigate-to-about-page-firefox/error-context.md]]
]]>
</system-out>
</testcase>
<testcase name="Navigation E2E Tests › Page Navigation › should navigate to profile page" classname="navigation.spec.js" time="2.231">
</testcase>
<testcase name="Navigation E2E Tests › Page Navigation › should navigate back to home page" classname="navigation.spec.js" time="3.847">
</testcase>
<testcase name="Navigation E2E Tests › URL Handling › should handle direct navigation to home page" classname="navigation.spec.js" time="2.597">
</testcase>
<testcase name="Navigation E2E Tests › URL Handling › should handle 404 for non-existent pages" classname="navigation.spec.js" time="2.504">
</testcase>
<testcase name="Navigation E2E Tests › URL Handling › should maintain state when navigating between pages" classname="navigation.spec.js" time="4.478">
</testcase>
<testcase name="Navigation E2E Tests › Browser Navigation › should handle browser back button" classname="navigation.spec.js" time="3.123">
</testcase>
<testcase name="Navigation E2E Tests › Browser Navigation › should handle browser forward button" classname="navigation.spec.js" time="4.264">
<skipped>
</skipped>
</testcase>
<testcase name="Navigation E2E Tests › Browser Navigation › should handle browser refresh" classname="navigation.spec.js" time="3.872">
<skipped>
</skipped>
</testcase>
<testcase name="Navigation E2E Tests › Page Loading Performance › should load about page quickly" classname="navigation.spec.js" time="2.006">
<skipped>
</skipped>
</testcase>
<testcase name="Navigation E2E Tests › Page Loading Performance › should load profile page quickly" classname="navigation.spec.js" time="1.226">
<skipped>
</skipped>
</testcase>
<testcase name="Navigation E2E Tests › Page Loading Performance › should load home page quickly after navigation" classname="navigation.spec.js" time="0">
<skipped>
</skipped>
</testcase>
<testcase name="Navigation E2E Tests › Cross-page Functionality › should maintain functionality after navigation" classname="navigation.spec.js" time="0">
<skipped>
</skipped>
</testcase>
</testsuite>
<testsuite name="home.spec.js" timestamp="2025-07-31T19:01:04.628Z" hostname="webkit" tests="26" failures="0" skipped="26" time="0" errors="0">
<testcase name="Home Page E2E Tests › Page Rendering › should display the main title" classname="home.spec.js" time="0">
<skipped>
</skipped>
</testcase>
<testcase name="Home Page E2E Tests › Page Rendering › should display the subtitle" classname="home.spec.js" time="0">
<skipped>
</skipped>
</testcase>
<testcase name="Home Page E2E Tests › Page Rendering › should display the email input field" classname="home.spec.js" time="0">
<skipped>
</skipped>
</testcase>
<testcase name="Home Page E2E Tests › Page Rendering › should display the register button" classname="home.spec.js" time="0">
<skipped>
</skipped>
</testcase>
<testcase name="Home Page E2E Tests › Page Rendering › should have proper page structure" classname="home.spec.js" time="0">
<skipped>
</skipped>
</testcase>
<testcase name="Home Page E2E Tests › User Interactions › should allow typing in the email input" classname="home.spec.js" time="0">
<skipped>
</skipped>
</testcase>
<testcase name="Home Page E2E Tests › User Interactions › should clear email input when user clears it" classname="home.spec.js" time="0">
<skipped>
</skipped>
</testcase>
<testcase name="Home Page E2E Tests › User Interactions › should handle special characters in email" classname="home.spec.js" time="0">
<skipped>
</skipped>
</testcase>
<testcase name="Home Page E2E Tests › User Interactions › should handle very long email addresses" classname="home.spec.js" time="0">
<skipped>
</skipped>
</testcase>
<testcase name="Home Page E2E Tests › User Interactions › should focus on email input when clicked" classname="home.spec.js" time="0">
<skipped>
</skipped>
</testcase>
<testcase name="Home Page E2E Tests › User Interactions › should focus on register button when clicked" classname="home.spec.js" time="0">
<skipped>
</skipped>
</testcase>
<testcase name="Home Page E2E Tests › Form Functionality › should show alert when register button is clicked" classname="home.spec.js" time="0">
<skipped>
</skipped>
</testcase>
<testcase name="Home Page E2E Tests › Form Functionality › should handle multiple button clicks" classname="home.spec.js" time="0">
<skipped>
</skipped>
</testcase>
<testcase name="Home Page E2E Tests › Form Functionality › should handle email input and registration flow" classname="home.spec.js" time="0">
<skipped>
</skipped>
</testcase>
<testcase name="Home Page E2E Tests › Keyboard Navigation › should navigate with keyboard" classname="home.spec.js" time="0">
<skipped>
</skipped>
</testcase>
<testcase name="Home Page E2E Tests › Keyboard Navigation › should handle Enter key on email input" classname="home.spec.js" time="0">
<skipped>
</skipped>
</testcase>
<testcase name="Home Page E2E Tests › Accessibility › should have proper heading hierarchy" classname="home.spec.js" time="0">
<skipped>
</skipped>
</testcase>
<testcase name="Home Page E2E Tests › Accessibility › should have accessible form elements" classname="home.spec.js" time="0">
<skipped>
</skipped>
</testcase>
<testcase name="Home Page E2E Tests › Accessibility › should have proper focus indicators" classname="home.spec.js" time="0">
<skipped>
</skipped>
</testcase>
<testcase name="Home Page E2E Tests › Responsive Design › should display correctly on mobile" classname="home.spec.js" time="0">
<skipped>
</skipped>
</testcase>
<testcase name="Home Page E2E Tests › Responsive Design › should display correctly on tablet" classname="home.spec.js" time="0">
<skipped>
</skipped>
</testcase>
<testcase name="Home Page E2E Tests › Responsive Design › should display correctly on desktop" classname="home.spec.js" time="0">
<skipped>
</skipped>
</testcase>
<testcase name="Home Page E2E Tests › Performance and Loading › should load page quickly" classname="home.spec.js" time="0">
<skipped>
</skipped>
</testcase>
<testcase name="Home Page E2E Tests › Performance and Loading › should have all elements visible after page load" classname="home.spec.js" time="0">
<skipped>
</skipped>
</testcase>
<testcase name="Home Page E2E Tests › Error Handling › should handle rapid button clicks gracefully" classname="home.spec.js" time="0">
<skipped>
</skipped>
</testcase>
<testcase name="Home Page E2E Tests › Error Handling › should handle invalid email input gracefully" classname="home.spec.js" time="0">
<skipped>
</skipped>
</testcase>
</testsuite>
<testsuite name="navigation.spec.js" timestamp="2025-07-31T19:01:04.628Z" hostname="webkit" tests="13" failures="0" skipped="13" time="0" errors="0">
<testcase name="Navigation E2E Tests › Page Navigation › should navigate to about page" classname="navigation.spec.js" time="0">
<skipped>
</skipped>
</testcase>
<testcase name="Navigation E2E Tests › Page Navigation › should navigate to profile page" classname="navigation.spec.js" time="0">
<skipped>
</skipped>
</testcase>
<testcase name="Navigation E2E Tests › Page Navigation › should navigate back to home page" classname="navigation.spec.js" time="0">
<skipped>
</skipped>
</testcase>
<testcase name="Navigation E2E Tests › URL Handling › should handle direct navigation to home page" classname="navigation.spec.js" time="0">
<skipped>
</skipped>
</testcase>
<testcase name="Navigation E2E Tests › URL Handling › should handle 404 for non-existent pages" classname="navigation.spec.js" time="0">
<skipped>
</skipped>
</testcase>
<testcase name="Navigation E2E Tests › URL Handling › should maintain state when navigating between pages" classname="navigation.spec.js" time="0">
<skipped>
</skipped>
</testcase>
<testcase name="Navigation E2E Tests › Browser Navigation › should handle browser back button" classname="navigation.spec.js" time="0">
<skipped>
</skipped>
</testcase>
<testcase name="Navigation E2E Tests › Browser Navigation › should handle browser forward button" classname="navigation.spec.js" time="0">
<skipped>
</skipped>
</testcase>
<testcase name="Navigation E2E Tests › Browser Navigation › should handle browser refresh" classname="navigation.spec.js" time="0">
<skipped>
</skipped>
</testcase>
<testcase name="Navigation E2E Tests › Page Loading Performance › should load about page quickly" classname="navigation.spec.js" time="0">
<skipped>
</skipped>
</testcase>
<testcase name="Navigation E2E Tests › Page Loading Performance › should load profile page quickly" classname="navigation.spec.js" time="0">
<skipped>
</skipped>
</testcase>
<testcase name="Navigation E2E Tests › Page Loading Performance › should load home page quickly after navigation" classname="navigation.spec.js" time="0">
<skipped>
</skipped>
</testcase>
<testcase name="Navigation E2E Tests › Cross-page Functionality › should maintain functionality after navigation" classname="navigation.spec.js" time="0">
<skipped>
</skipped>
</testcase>
</testsuite>
<testsuite name="home.spec.js" timestamp="2025-07-31T19:01:04.628Z" hostname="Mobile Chrome" tests="26" failures="0" skipped="26" time="0" errors="0">
<testcase name="Home Page E2E Tests › Page Rendering › should display the main title" classname="home.spec.js" time="0">
<skipped>
</skipped>
</testcase>
<testcase name="Home Page E2E Tests › Page Rendering › should display the subtitle" classname="home.spec.js" time="0">
<skipped>
</skipped>
</testcase>
<testcase name="Home Page E2E Tests › Page Rendering › should display the email input field" classname="home.spec.js" time="0">
<skipped>
</skipped>
</testcase>
<testcase name="Home Page E2E Tests › Page Rendering › should display the register button" classname="home.spec.js" time="0">
<skipped>
</skipped>
</testcase>
<testcase name="Home Page E2E Tests › Page Rendering › should have proper page structure" classname="home.spec.js" time="0">
<skipped>
</skipped>
</testcase>
<testcase name="Home Page E2E Tests › User Interactions › should allow typing in the email input" classname="home.spec.js" time="0">
<skipped>
</skipped>
</testcase>
<testcase name="Home Page E2E Tests › User Interactions › should clear email input when user clears it" classname="home.spec.js" time="0">
<skipped>
</skipped>
</testcase>
<testcase name="Home Page E2E Tests › User Interactions › should handle special characters in email" classname="home.spec.js" time="0">
<skipped>
</skipped>
</testcase>
<testcase name="Home Page E2E Tests › User Interactions › should handle very long email addresses" classname="home.spec.js" time="0">
<skipped>
</skipped>
</testcase>
<testcase name="Home Page E2E Tests › User Interactions › should focus on email input when clicked" classname="home.spec.js" time="0">
<skipped>
</skipped>
</testcase>
<testcase name="Home Page E2E Tests › User Interactions › should focus on register button when clicked" classname="home.spec.js" time="0">
<skipped>
</skipped>
</testcase>
<testcase name="Home Page E2E Tests › Form Functionality › should show alert when register button is clicked" classname="home.spec.js" time="0">
<skipped>
</skipped>
</testcase>
<testcase name="Home Page E2E Tests › Form Functionality › should handle multiple button clicks" classname="home.spec.js" time="0">
<skipped>
</skipped>
</testcase>
<testcase name="Home Page E2E Tests › Form Functionality › should handle email input and registration flow" classname="home.spec.js" time="0">
<skipped>
</skipped>
</testcase>
<testcase name="Home Page E2E Tests › Keyboard Navigation › should navigate with keyboard" classname="home.spec.js" time="0">
<skipped>
</skipped>
</testcase>
<testcase name="Home Page E2E Tests › Keyboard Navigation › should handle Enter key on email input" classname="home.spec.js" time="0">
<skipped>
</skipped>
</testcase>
<testcase name="Home Page E2E Tests › Accessibility › should have proper heading hierarchy" classname="home.spec.js" time="0">
<skipped>
</skipped>
</testcase>
<testcase name="Home Page E2E Tests › Accessibility › should have accessible form elements" classname="home.spec.js" time="0">
<skipped>
</skipped>
</testcase>
<testcase name="Home Page E2E Tests › Accessibility › should have proper focus indicators" classname="home.spec.js" time="0">
<skipped>
</skipped>
</testcase>
<testcase name="Home Page E2E Tests › Responsive Design › should display correctly on mobile" classname="home.spec.js" time="0">
<skipped>
</skipped>
</testcase>
<testcase name="Home Page E2E Tests › Responsive Design › should display correctly on tablet" classname="home.spec.js" time="0">
<skipped>
</skipped>
</testcase>
<testcase name="Home Page E2E Tests › Responsive Design › should display correctly on desktop" classname="home.spec.js" time="0">
<skipped>
</skipped>
</testcase>
<testcase name="Home Page E2E Tests › Performance and Loading › should load page quickly" classname="home.spec.js" time="0">
<skipped>
</skipped>
</testcase>
<testcase name="Home Page E2E Tests › Performance and Loading › should have all elements visible after page load" classname="home.spec.js" time="0">
<skipped>
</skipped>
</testcase>
<testcase name="Home Page E2E Tests › Error Handling › should handle rapid button clicks gracefully" classname="home.spec.js" time="0">
<skipped>
</skipped>
</testcase>
<testcase name="Home Page E2E Tests › Error Handling › should handle invalid email input gracefully" classname="home.spec.js" time="0">
<skipped>
</skipped>
</testcase>
</testsuite>
<testsuite name="navigation.spec.js" timestamp="2025-07-31T19:01:04.628Z" hostname="Mobile Chrome" tests="13" failures="0" skipped="13" time="0" errors="0">
<testcase name="Navigation E2E Tests › Page Navigation › should navigate to about page" classname="navigation.spec.js" time="0">
<skipped>
</skipped>
</testcase>
<testcase name="Navigation E2E Tests › Page Navigation › should navigate to profile page" classname="navigation.spec.js" time="0">
<skipped>
</skipped>
</testcase>
<testcase name="Navigation E2E Tests › Page Navigation › should navigate back to home page" classname="navigation.spec.js" time="0">
<skipped>
</skipped>
</testcase>
<testcase name="Navigation E2E Tests › URL Handling › should handle direct navigation to home page" classname="navigation.spec.js" time="0">
<skipped>
</skipped>
</testcase>
<testcase name="Navigation E2E Tests › URL Handling › should handle 404 for non-existent pages" classname="navigation.spec.js" time="0">
<skipped>
</skipped>
</testcase>
<testcase name="Navigation E2E Tests › URL Handling › should maintain state when navigating between pages" classname="navigation.spec.js" time="0">
<skipped>
</skipped>
</testcase>
<testcase name="Navigation E2E Tests › Browser Navigation › should handle browser back button" classname="navigation.spec.js" time="0">
<skipped>
</skipped>
</testcase>
<testcase name="Navigation E2E Tests › Browser Navigation › should handle browser forward button" classname="navigation.spec.js" time="0">
<skipped>
</skipped>
</testcase>
<testcase name="Navigation E2E Tests › Browser Navigation › should handle browser refresh" classname="navigation.spec.js" time="0">
<skipped>
</skipped>
</testcase>
<testcase name="Navigation E2E Tests › Page Loading Performance › should load about page quickly" classname="navigation.spec.js" time="0">
<skipped>
</skipped>
</testcase>
<testcase name="Navigation E2E Tests › Page Loading Performance › should load profile page quickly" classname="navigation.spec.js" time="0">
<skipped>
</skipped>
</testcase>
<testcase name="Navigation E2E Tests › Page Loading Performance › should load home page quickly after navigation" classname="navigation.spec.js" time="0">
<skipped>
</skipped>
</testcase>
<testcase name="Navigation E2E Tests › Cross-page Functionality › should maintain functionality after navigation" classname="navigation.spec.js" time="0">
<skipped>
</skipped>
</testcase>
</testsuite>
<testsuite name="home.spec.js" timestamp="2025-07-31T19:01:04.628Z" hostname="Mobile Safari" tests="26" failures="0" skipped="26" time="0" errors="0">
<testcase name="Home Page E2E Tests › Page Rendering › should display the main title" classname="home.spec.js" time="0">
<skipped>
</skipped>
</testcase>
<testcase name="Home Page E2E Tests › Page Rendering › should display the subtitle" classname="home.spec.js" time="0">
<skipped>
</skipped>
</testcase>
<testcase name="Home Page E2E Tests › Page Rendering › should display the email input field" classname="home.spec.js" time="0">
<skipped>
</skipped>
</testcase>
<testcase name="Home Page E2E Tests › Page Rendering › should display the register button" classname="home.spec.js" time="0">
<skipped>
</skipped>
</testcase>
<testcase name="Home Page E2E Tests › Page Rendering › should have proper page structure" classname="home.spec.js" time="0">
<skipped>
</skipped>
</testcase>
<testcase name="Home Page E2E Tests › User Interactions › should allow typing in the email input" classname="home.spec.js" time="0">
<skipped>
</skipped>
</testcase>
<testcase name="Home Page E2E Tests › User Interactions › should clear email input when user clears it" classname="home.spec.js" time="0">
<skipped>
</skipped>
</testcase>
<testcase name="Home Page E2E Tests › User Interactions › should handle special characters in email" classname="home.spec.js" time="0">
<skipped>
</skipped>
</testcase>
<testcase name="Home Page E2E Tests › User Interactions › should handle very long email addresses" classname="home.spec.js" time="0">
<skipped>
</skipped>
</testcase>
<testcase name="Home Page E2E Tests › User Interactions › should focus on email input when clicked" classname="home.spec.js" time="0">
<skipped>
</skipped>
</testcase>
<testcase name="Home Page E2E Tests › User Interactions › should focus on register button when clicked" classname="home.spec.js" time="0">
<skipped>
</skipped>
</testcase>
<testcase name="Home Page E2E Tests › Form Functionality › should show alert when register button is clicked" classname="home.spec.js" time="0">
<skipped>
</skipped>
</testcase>
<testcase name="Home Page E2E Tests › Form Functionality › should handle multiple button clicks" classname="home.spec.js" time="0">
<skipped>
</skipped>
</testcase>
<testcase name="Home Page E2E Tests › Form Functionality › should handle email input and registration flow" classname="home.spec.js" time="0">
<skipped>
</skipped>
</testcase>
<testcase name="Home Page E2E Tests › Keyboard Navigation › should navigate with keyboard" classname="home.spec.js" time="0">
<skipped>
</skipped>
</testcase>
<testcase name="Home Page E2E Tests › Keyboard Navigation › should handle Enter key on email input" classname="home.spec.js" time="0">
<skipped>
</skipped>
</testcase>
<testcase name="Home Page E2E Tests › Accessibility › should have proper heading hierarchy" classname="home.spec.js" time="0">
<skipped>
</skipped>
</testcase>
<testcase name="Home Page E2E Tests › Accessibility › should have accessible form elements" classname="home.spec.js" time="0">
<skipped>
</skipped>
</testcase>
<testcase name="Home Page E2E Tests › Accessibility › should have proper focus indicators" classname="home.spec.js" time="0">
<skipped>
</skipped>
</testcase>
<testcase name="Home Page E2E Tests › Responsive Design › should display correctly on mobile" classname="home.spec.js" time="0">
<skipped>
</skipped>
</testcase>
<testcase name="Home Page E2E Tests › Responsive Design › should display correctly on tablet" classname="home.spec.js" time="0">
<skipped>
</skipped>
</testcase>
<testcase name="Home Page E2E Tests › Responsive Design › should display correctly on desktop" classname="home.spec.js" time="0">
<skipped>
</skipped>
</testcase>
<testcase name="Home Page E2E Tests › Performance and Loading › should load page quickly" classname="home.spec.js" time="0">
<skipped>
</skipped>
</testcase>
<testcase name="Home Page E2E Tests › Performance and Loading › should have all elements visible after page load" classname="home.spec.js" time="0">
<skipped>
</skipped>
</testcase>
<testcase name="Home Page E2E Tests › Error Handling › should handle rapid button clicks gracefully" classname="home.spec.js" time="0">
<skipped>
</skipped>
</testcase>
<testcase name="Home Page E2E Tests › Error Handling › should handle invalid email input gracefully" classname="home.spec.js" time="0">
<skipped>
</skipped>
</testcase>
</testsuite>
<testsuite name="navigation.spec.js" timestamp="2025-07-31T19:01:04.628Z" hostname="Mobile Safari" tests="13" failures="0" skipped="13" time="0" errors="0">
<testcase name="Navigation E2E Tests › Page Navigation › should navigate to about page" classname="navigation.spec.js" time="0">
<skipped>
</skipped>
</testcase>
<testcase name="Navigation E2E Tests › Page Navigation › should navigate to profile page" classname="navigation.spec.js" time="0">
<skipped>
</skipped>
</testcase>
<testcase name="Navigation E2E Tests › Page Navigation › should navigate back to home page" classname="navigation.spec.js" time="0">
<skipped>
</skipped>
</testcase>
<testcase name="Navigation E2E Tests › URL Handling › should handle direct navigation to home page" classname="navigation.spec.js" time="0">
<skipped>
</skipped>
</testcase>
<testcase name="Navigation E2E Tests › URL Handling › should handle 404 for non-existent pages" classname="navigation.spec.js" time="0">
<skipped>
</skipped>
</testcase>
<testcase name="Navigation E2E Tests › URL Handling › should maintain state when navigating between pages" classname="navigation.spec.js" time="0">
<skipped>
</skipped>
</testcase>
<testcase name="Navigation E2E Tests › Browser Navigation › should handle browser back button" classname="navigation.spec.js" time="0">
<skipped>
</skipped>
</testcase>
<testcase name="Navigation E2E Tests › Browser Navigation › should handle browser forward button" classname="navigation.spec.js" time="0">
<skipped>
</skipped>
</testcase>
<testcase name="Navigation E2E Tests › Browser Navigation › should handle browser refresh" classname="navigation.spec.js" time="0">
<skipped>
</skipped>
</testcase>
<testcase name="Navigation E2E Tests › Page Loading Performance › should load about page quickly" classname="navigation.spec.js" time="0">
<skipped>
</skipped>
</testcase>
<testcase name="Navigation E2E Tests › Page Loading Performance › should load profile page quickly" classname="navigation.spec.js" time="0">
<skipped>
</skipped>
</testcase>
<testcase name="Navigation E2E Tests › Page Loading Performance › should load home page quickly after navigation" classname="navigation.spec.js" time="0">
<skipped>
</skipped>
</testcase>
<testcase name="Navigation E2E Tests › Cross-page Functionality › should maintain functionality after navigation" classname="navigation.spec.js" time="0">
<skipped>
</skipped>
</testcase>
</testsuite>
</testsuites>